2026-05-18 12:28:26,022 - __main__ - INFO - Starting alerts data extraction...
2026-05-18 12:28:26,023 - __main__ - INFO - Starting to fetch alerts (maximum: 20)
2026-05-18 12:28:26,023 - __main__ - INFO - Fetching alerts: offset=0, limit=20 (retrieved: 0/20)
2026-05-18 12:28:28,359 - __main__ - INFO - Added 20 alerts. Total: 20
2026-05-18 12:28:28,359 - __main__ - INFO - Reached maximum limit of 20 alerts
2026-05-18 12:28:28,360 - __main__ - INFO - Successfully retrieved 20 alerts
2026-05-18 12:28:28,374 - __main__ - INFO - Successfully saved 20 alerts to data\./data/alerts.json
2026-05-18 12:28:28,375 - __main__ - INFO - Alert extraction completed successfully
2026-05-18 13:06:25,215 - __main__ - INFO - Starting alerts data extraction...
2026-05-18 13:06:25,216 - __main__ - INFO - Starting to fetch alerts (maximum: 20)
2026-05-18 13:06:25,216 - __main__ - INFO - Fetching alerts: offset=0, limit=20 (retrieved: 0/20)
2026-05-18 13:06:26,515 - __main__ - INFO - Added 20 alerts. Total: 20
2026-05-18 13:06:26,516 - __main__ - INFO - Reached maximum limit of 20 alerts
2026-05-18 13:06:26,516 - __main__ - INFO - Successfully retrieved 20 alerts
2026-05-18 13:06:26,523 - __main__ - INFO - Successfully saved 20 alerts to data\./data/alerts.json
2026-05-18 13:06:26,523 - __main__ - INFO - Alert extraction completed successfully
2026-05-18 13:07:13,134 - __main__ - INFO - Starting alerts data extraction...
2026-05-18 13:07:13,136 - __main__ - INFO - Starting to fetch alerts (maximum: 20)
2026-05-18 13:07:13,144 - __main__ - INFO - Fetching alerts: offset=0, limit=20 (retrieved: 0/20)
2026-05-18 13:07:14,946 - __main__ - INFO - Added 20 alerts. Total: 20
2026-05-18 13:07:14,947 - __main__ - INFO - Reached maximum limit of 20 alerts
2026-05-18 13:07:14,948 - __main__ - INFO - Successfully retrieved 20 alerts
2026-05-18 13:07:14,960 - __main__ - INFO - Successfully saved 20 alerts to data\./data/alerts.json
2026-05-18 13:07:14,963 - __main__ - INFO - Alert extraction completed successfully
2026-05-18 13:08:51,781 - __main__ - INFO - Starting alerts data extraction...
2026-05-18 13:08:51,783 - __main__ - INFO - Starting to fetch alerts (maximum: 20)
2026-05-18 13:08:51,784 - __main__ - INFO - Fetching alerts: offset=0, limit=20 (retrieved: 0/20)
2026-05-18 13:08:53,763 - __main__ - INFO - Added 20 alerts. Total: 20
2026-05-18 13:08:53,764 - __main__ - INFO - Reached maximum limit of 20 alerts
2026-05-18 13:08:53,764 - __main__ - INFO - Successfully retrieved 20 alerts
2026-05-18 13:08:53,777 - __main__ - INFO - Successfully saved 20 alerts to data\alerts.json
2026-05-18 13:08:53,777 - __main__ - INFO - Alert extraction completed successfully
2026-05-18 13:14:30,083 - __main__ - INFO - Starting alerts data extraction...
2026-05-18 13:14:30,085 - __main__ - INFO - Starting to fetch alerts (maximum: 20)
2026-05-18 13:14:30,086 - __main__ - INFO - Fetching alerts: offset=0, limit=20 (retrieved: 0/20)
2026-05-18 13:14:32,377 - __main__ - INFO - Added 20 alerts. Total: 20
2026-05-18 13:14:32,381 - __main__ - INFO - Reached maximum limit of 20 alerts
2026-05-18 13:14:32,385 - __main__ - INFO - Successfully retrieved 20 alerts
2026-05-18 13:14:32,407 - __main__ - INFO - Successfully saved 20 alerts to data\alerts.json
2026-05-18 13:14:32,414 - __main__ - INFO - Alert extraction completed successfully
2026-05-18 13:22:09,705 - __main__ - INFO - Starting alerts data extraction...
2026-05-18 13:22:09,706 - __main__ - INFO - Starting to fetch alerts (maximum: 20)
2026-05-18 13:22:09,707 - __main__ - INFO - Fetching alerts: offset=0, limit=20 (retrieved: 0/20)
2026-05-18 13:22:11,766 - __main__ - INFO - Added 20 alerts. Total: 20
2026-05-18 13:22:11,766 - __main__ - INFO - Reached maximum limit of 20 alerts
2026-05-18 13:22:11,767 - __main__ - INFO - Successfully retrieved 20 alerts
2026-05-18 13:22:11,778 - __main__ - INFO - Successfully saved 20 alerts to data\alerts.json
2026-05-18 13:22:11,779 - __main__ - INFO - Alert extraction completed successfully
2026-05-18 13:40:04,673 - __main__ - INFO - Starting alerts data extraction...
2026-05-18 13:40:04,674 - __main__ - INFO - Starting to fetch alerts (maximum: 20)
2026-05-18 13:40:04,675 - __main__ - INFO - Fetching alerts: offset=0, limit=20 (retrieved: 0/20)
2026-05-18 13:40:06,528 - __main__ - INFO - Added 20 alerts. Total: 20
2026-05-18 13:40:06,529 - __main__ - INFO - Reached maximum limit of 20 alerts
2026-05-18 13:40:06,530 - __main__ - INFO - Successfully retrieved 20 alerts
2026-05-18 13:40:06,544 - __main__ - INFO - Successfully saved 20 alerts to data\alerts.json
2026-05-18 13:40:06,544 - __main__ - INFO - Alert extraction completed successfully
2026-05-18 13:40:10,252 - __main__ - INFO - Starting alerts data extraction...
2026-05-18 13:40:10,252 - __main__ - INFO - Starting to fetch alerts (maximum: 20)
2026-05-18 13:40:10,253 - __main__ - INFO - Fetching alerts: offset=0, limit=20 (retrieved: 0/20)
2026-05-18 13:40:12,045 - __main__ - INFO - Added 20 alerts. Total: 20
2026-05-18 13:40:12,045 - __main__ - INFO - Reached maximum limit of 20 alerts
2026-05-18 13:40:12,046 - __main__ - INFO - Successfully retrieved 20 alerts
2026-05-18 13:40:12,060 - __main__ - INFO - Successfully saved 20 alerts to data\alerts.json
2026-05-18 13:40:12,061 - __main__ - INFO - Alert extraction completed successfully
2026-05-18 13:40:46,145 - __main__ - INFO - Starting alerts data extraction...
2026-05-18 13:40:46,146 - __main__ - INFO - Starting to fetch alerts (maximum: 20)
2026-05-18 13:40:46,146 - __main__ - INFO - Fetching alerts: offset=0, limit=20 (retrieved: 0/20)
2026-05-18 13:40:48,126 - __main__ - INFO - Added 20 alerts. Total: 20
2026-05-18 13:40:48,127 - __main__ - INFO - Reached maximum limit of 20 alerts
2026-05-18 13:40:48,128 - __main__ - INFO - Successfully retrieved 20 alerts
2026-05-18 13:40:48,144 - __main__ - INFO - Successfully saved 20 alerts to data\alerts.json
2026-05-18 13:40:48,145 - __main__ - INFO - Alert extraction completed successfully
2026-05-18 13:42:56,337 - __main__ - INFO - Starting alerts data extraction...
2026-05-18 13:42:56,338 - __main__ - INFO - Starting to fetch alerts (maximum: 20)
2026-05-18 13:42:56,338 - __main__ - INFO - Fetching alerts: offset=0, limit=20 (retrieved: 0/20)
2026-05-18 13:42:57,688 - __main__ - INFO - Added 20 alerts. Total: 20
2026-05-18 13:42:57,688 - __main__ - INFO - Reached maximum limit of 20 alerts
2026-05-18 13:42:57,689 - __main__ - INFO - Successfully retrieved 20 alerts
2026-05-18 13:42:57,704 - __main__ - INFO - Successfully saved 20 alerts to data\alerts.json
2026-05-18 13:42:57,705 - __main__ - INFO - Alert extraction completed successfully
2026-05-18 13:43:05,464 - __main__ - INFO - Starting alerts data extraction...
2026-05-18 13:43:05,465 - __main__ - INFO - Starting to fetch alerts (maximum: 20)
2026-05-18 13:43:05,466 - __main__ - INFO - Fetching alerts: offset=0, limit=20 (retrieved: 0/20)
2026-05-18 13:43:07,990 - __main__ - INFO - Added 20 alerts. Total: 20
2026-05-18 13:43:07,990 - __main__ - INFO - Reached maximum limit of 20 alerts
2026-05-18 13:43:07,991 - __main__ - INFO - Successfully retrieved 20 alerts
2026-05-18 13:43:08,004 - __main__ - INFO - Successfully saved 20 alerts to data\alerts.json
2026-05-18 13:43:08,006 - __main__ - INFO - Alert extraction completed successfully
2026-05-18 13:44:56,760 - __main__ - INFO - Starting alerts data extraction...
2026-05-18 13:44:56,761 - __main__ - INFO - Starting to fetch alerts (maximum: 20)
2026-05-18 13:44:56,761 - __main__ - INFO - Fetching alerts: offset=0, limit=20 (retrieved: 0/20)
2026-05-18 13:44:58,943 - __main__ - INFO - Added 20 alerts. Total: 20
2026-05-18 13:44:58,944 - __main__ - INFO - Reached maximum limit of 20 alerts
2026-05-18 13:44:58,944 - __main__ - INFO - Successfully retrieved 20 alerts
2026-05-18 13:44:58,958 - __main__ - INFO - Successfully saved 20 alerts to data\alerts.json
2026-05-18 13:44:58,959 - __main__ - INFO - Alert extraction completed successfully
2026-05-18 13:52:07,807 - __main__ - INFO - Starting alerts data extraction...
2026-05-18 13:52:07,813 - __main__ - INFO - Starting to fetch alerts (maximum: 20)
2026-05-18 13:52:07,832 - __main__ - INFO - Fetching alerts: offset=0, limit=20 (retrieved: 0/20)
2026-05-18 13:52:10,661 - __main__ - INFO - Added 20 alerts. Total: 20
2026-05-18 13:52:10,662 - __main__ - INFO - Reached maximum limit of 20 alerts
2026-05-18 13:52:10,663 - __main__ - INFO - Successfully retrieved 20 alerts
2026-05-18 13:52:10,678 - __main__ - INFO - Successfully saved 20 alerts to data\alerts.json
2026-05-18 13:52:10,679 - __main__ - INFO - Alert extraction completed successfully
2026-05-18 13:55:26,223 - __main__ - INFO - Starting alerts data extraction...
2026-05-18 13:55:26,223 - __main__ - INFO - Starting to fetch alerts (maximum: 20)
2026-05-18 13:55:26,224 - __main__ - INFO - Fetching alerts: offset=0, limit=20 (retrieved: 0/20)
2026-05-18 13:55:27,682 - __main__ - INFO - Added 20 alerts. Total: 20
2026-05-18 13:55:27,683 - __main__ - INFO - Reached maximum limit of 20 alerts
2026-05-18 13:55:27,683 - __main__ - INFO - Successfully retrieved 20 alerts
2026-05-18 13:55:27,691 - __main__ - INFO - Successfully saved 20 alerts to data\alerts.json
2026-05-18 13:55:27,692 - __main__ - INFO - Alert extraction completed successfully
2026-05-30 09:07:57,823 - __main__ - INFO - Starting alerts data extraction...
2026-05-30 09:07:57,825 - __main__ - INFO - Starting to fetch alerts (maximum: 20)
2026-05-30 09:07:57,826 - __main__ - INFO - Fetching alerts: offset=0, limit=20 (retrieved: 0/20)
2026-05-30 09:07:59,928 - __main__ - INFO - Added 20 alerts. Total: 20
2026-05-30 09:07:59,930 - __main__ - INFO - Reached maximum limit of 20 alerts
2026-05-30 09:07:59,930 - __main__ - INFO - Successfully retrieved 20 alerts
2026-05-30 09:07:59,943 - __main__ - INFO - Successfully saved 20 alerts to data\alerts.json
2026-05-30 09:07:59,944 - __main__ - INFO - Alert extraction completed successfully
2026-06-11 03:52:07,198 - __main__ - INFO - Starting alerts data extraction...
2026-06-11 03:52:07,200 - __main__ - INFO - Starting to fetch alerts (maximum: 20)
2026-06-11 03:52:07,202 - __main__ - INFO - Fetching alerts: offset=0, limit=20 (retrieved: 0/20)
2026-06-11 03:52:08,275 - __main__ - INFO - Added 20 alerts. Total: 20
2026-06-11 03:52:08,276 - __main__ - INFO - Reached maximum limit of 20 alerts
2026-06-11 03:52:08,277 - __main__ - INFO - Successfully retrieved 20 alerts
2026-06-11 03:52:09,070 - __main__ - WARNING - Could not fetch comments for alert ee2f0943-6ad5-4afd-8cb4-2ef8eaf21ead-1781143655496
2026-06-11 03:52:10,077 - __main__ - WARNING - Could not fetch comments for alert e751d8ef-7db7-4390-8b68-5ab20ef20614-1781142576630
2026-06-11 03:52:11,190 - __main__ - WARNING - Could not fetch comments for alert 2e118a7f-3c8d-4cab-9724-736a049f818b-1781142575606
2026-06-11 03:52:11,952 - __main__ - WARNING - Could not fetch comments for alert 3ab52b86-656d-4466-a40c-384010ed0a62-1781141377185
2026-06-11 03:52:13,152 - __main__ - WARNING - Could not fetch comments for alert f97a2c6d-6c20-475c-8ae4-2c7dd07311b6-1781141377109
2026-06-11 03:52:13,935 - __main__ - WARNING - Could not fetch comments for alert dae187a1-7a0f-4a75-bb9b-5e5ce691008b-1781141117009
2026-06-11 03:52:14,806 - __main__ - WARNING - Could not fetch comments for alert ff1c3715-7c58-4ead-bfa9-8855513b0395-1781140950693
2026-06-11 03:52:15,291 - __main__ - WARNING - Could not fetch comments for alert 34a922c7-5b2a-4b6f-8167-a33065fe2cf1-1781140710950
2026-06-11 03:52:16,200 - __main__ - WARNING - Could not fetch comments for alert 3914ce1a-b125-4027-a635-baef979b115e-1781140710751
2026-06-11 03:52:16,974 - __main__ - WARNING - Could not fetch comments for alert 2acb19ed-1dbb-4aef-a6c2-5acf77f07788-1781140704585
2026-06-11 03:52:17,412 - __main__ - WARNING - Could not fetch comments for alert 96d1cdf7-7d83-404a-ae71-fb65595700d1-1781140585063
2026-06-11 03:52:18,253 - __main__ - WARNING - Could not fetch comments for alert 32b4a2f0-8020-4671-b37c-25c9d0683f8c-1781139811009
2026-06-11 03:52:19,056 - __main__ - WARNING - Could not fetch comments for alert a57fd412-e863-4c38-8e90-e25f5ac9623c-1781139811007
2026-06-11 03:52:19,450 - __main__ - WARNING - Could not fetch comments for alert 2e0ea6c7-bfab-4e50-a88b-4a0ade59ee1c-1781139805241
2026-06-11 03:52:20,214 - __main__ - WARNING - Could not fetch comments for alert 8a4b65d3-a141-4aef-ad66-2d4ef672fc93-1781139684898
2026-06-11 03:52:20,588 - __main__ - WARNING - Could not fetch comments for alert 7e2413ad-a537-4b89-a9db-0021ff31eb66-1781138868077
2026-06-11 03:52:20,976 - __main__ - WARNING - Could not fetch comments for alert a9379084-b173-40b0-8928-ffb4b7d59538-1781138680520
2026-06-11 03:52:21,763 - __main__ - WARNING - Could not fetch comments for alert 486b60c7-d627-4145-8ffa-1481b0007c0c-1781138545108
2026-06-11 03:52:22,558 - __main__ - WARNING - Could not fetch comments for alert d6e2cd56-5e9d-4e06-9477-57fb48b0b0b6-1781138424792
2026-06-11 03:52:23,353 - __main__ - WARNING - Could not fetch comments for alert 2c3064a9-de09-48b7-8834-d71662eab673-1781138195623
2026-06-11 03:52:23,374 - __main__ - INFO - Successfully saved 20 alerts to data\alerts.json
2026-06-11 03:52:23,375 - __main__ - INFO - Alert extraction completed successfully
2026-06-11 03:59:31,530 - __main__ - INFO - Starting alerts data extraction...
2026-06-11 03:59:31,531 - __main__ - INFO - Starting to fetch alerts (maximum: 20)
2026-06-11 03:59:31,531 - __main__ - INFO - Fetching alerts: offset=0, limit=20 (retrieved: 0/20)
2026-06-11 03:59:32,526 - __main__ - INFO - Added 20 alerts. Total: 20
2026-06-11 03:59:32,527 - __main__ - INFO - Reached maximum limit of 20 alerts
2026-06-11 03:59:32,527 - __main__ - INFO - Successfully retrieved 20 alerts
2026-06-11 03:59:44,199 - __main__ - INFO - Successfully saved 20 alerts to data\alerts.json
2026-06-11 03:59:44,200 - __main__ - INFO - Alert extraction completed successfully
2026-06-14 19:19:16,532 - __main__ - INFO - Starting alerts data extraction...
2026-06-14 19:19:16,533 - __main__ - INFO - Starting to fetch alerts (maximum: 20)
2026-06-14 19:19:16,533 - __main__ - INFO - Fetching alerts: offset=0, limit=20 (retrieved: 0/20)
2026-06-14 19:19:18,048 - __main__ - INFO - Added 20 alerts. Total: 20
2026-06-14 19:19:18,049 - __main__ - INFO - Reached maximum limit of 20 alerts
2026-06-14 19:19:18,049 - __main__ - INFO - Successfully retrieved 20 alerts
2026-06-14 19:19:29,702 - __main__ - INFO - Successfully saved 20 alerts to data\alerts.json
2026-06-14 19:19:29,702 - __main__ - INFO - Alert extraction completed successfully
